165:/Users/runner/work/app_motor/app_motor/MotoDash/BLE/EcuBleManager.swift:204:10: warning: main actor-isolated instance method 'centralManager(_:didFailToConnect:error:)' cannot be used to satisfy nonisolated requirement from protocol 'CBCentralManagerDelegate'; this is an error in the Swift 6 language mode
166:    func centralManager(_ central: CBCentralManager, didFailToConnect peripheral: CBPeripheral, error: Error?) {
168:/Users/runner/work/app_motor/app_motor/MotoDash/BLE/EcuBleManager.swift:204:10: note: add 'nonisolated' to 'centralManager(_:didFailToConnect:error:)' to make this instance method not isolated to the actor
169:    func centralManager(_ central: CBCentralManager, didFailToConnect peripheral: CBPeripheral, error: Error?) {
172:/Users/runner/work/app_motor/app_motor/MotoDash/BLE/EcuBleManager.swift:212:10: warning: main actor-isolated instance method 'centralManager(_:didDisconnectPeripheral:error:)' cannot be used to satisfy nonisolated requirement from protocol 'CBCentralManagerDelegate'; this is an error in the Swift 6 language mode
173:    func centralManager(_ central: CBCentralManager, didDisconnectPeripheral peripheral: CBPeripheral, error: Error?) {
175:/Users/runner/work/app_motor/app_motor/MotoDash/BLE/EcuBleManager.swift:212:10: note: add 'nonisolated' to 'centralManager(_:didDisconnectPeripheral:error:)' to make this instance method not isolated to the actor
176:    func centralManager(_ central: CBCentralManager, didDisconnectPeripheral peripheral: CBPeripheral, error: Error?) {
180:    func peripheral(_ peripheral: CBPeripheral, didDiscoverServices error: Error?) {
183:    func peripheral(_ peripheral: CBPeripheral, didDiscoverServices error: Error?) {
190:/Users/runner/work/app_motor/app_motor/MotoDash/BLE/EcuBleManager.swift:234:10: warning: main actor-isolated instance method 'peripheral(_:didDiscoverCharacteristicsFor:error:)' cannot be used to satisfy nonisolated requirement from protocol 'CBPeripheralDelegate'; this is an error in the Swift 6 language mode
191:    func peripheral(_ peripheral: CBPeripheral, didDiscoverCharacteristicsFor service: CBService, error: Error?) {
193:/Users/runner/work/app_motor/app_motor/MotoDash/BLE/EcuBleManager.swift:234:10: note: add 'nonisolated' to 'peripheral(_:didDiscoverCharacteristicsFor:error:)' to make this instance method not isolated to the actor
194:    func peripheral(_ peripheral: CBPeripheral, didDiscoverCharacteristicsFor service: CBService, error: Error?) {
197:/Users/runner/work/app_motor/app_motor/MotoDash/BLE/EcuBleManager.swift:247:10: warning: main actor-isolated instance method 'peripheral(_:didUpdateValueFor:error:)' cannot be used to satisfy nonisolated requirement from protocol 'CBPeripheralDelegate'; this is an error in the Swift 6 language mode
198:    func peripheral(_ peripheral: CBPeripheral, didUpdateValueFor characteristic: CBCharacteristic, error: Error?) {
200:/Users/runner/work/app_motor/app_motor/MotoDash/BLE/EcuBleManager.swift:247:10: note: add 'nonisolated' to 'peripheral(_:didUpdateValueFor:error:)' to make this instance method not isolated to the actor
201:    func peripheral(_ peripheral: CBPeripheral, didUpdateValueFor characteristic: CBCharacteristic, error: Error?) {
204:/Users/runner/work/app_motor/app_motor/MotoDash/BLE/EcuBleManager.swift:252:10: warning: main actor-isolated instance method 'peripheral(_:didUpdateNotificationStateFor:error:)' cannot be used to satisfy nonisolated requirement from protocol 'CBPeripheralDelegate'; this is an error in the Swift 6 language mode
205:    func peripheral(_ peripheral: CBPeripheral, didUpdateNotificationStateFor characteristic: CBCharacteristic, error: Error?) {
207:/Users/runner/work/app_motor/app_motor/MotoDash/BLE/EcuBleManager.swift:252:10: note: add 'nonisolated' to 'peripheral(_:didUpdateNotificationStateFor:error:)' to make this instance method not isolated to the actor
208:    func peripheral(_ peripheral: CBPeripheral, didUpdateNotificationStateFor characteristic: CBCharacteristic, error: Error?) {
211:/Users/runner/work/app_motor/app_motor/MotoDash/UI/SettingsScreen.swift:283:21: error: argument 'chevron' must precede argument 'onClick'
214:/Users/runner/work/app_motor/app_motor/MotoDash/Data/SpeedLimitTracker.swift:73:47: error: 'async' call in an autoclosure that does not support concurrency
